[2025-08-10T07:29:20.945+0000][116][info][gc,init] CardTable entry size: 512
[2025-08-10T07:29:20.946+0000][116][info][gc     ] Using G1
[2025-08-10T07:29:20.951+0000][116][info][gc,init] Version: 24+36-3646 (release)
[2025-08-10T07:29:20.951+0000][116][info][gc,init] CPUs: 128 total, 8 available
[2025-08-10T07:29:20.951+0000][116][info][gc,init] Memory: 7380M
[2025-08-10T07:29:20.951+0000][116][info][gc,init] Large Page Support: Disabled
[2025-08-10T07:29:20.951+0000][116][info][gc,init] NUMA Support: Disabled
[2025-08-10T07:29:20.951+0000][116][info][gc,init] Compressed Oops: Enabled (32-bit)
[2025-08-10T07:29:20.951+0000][116][info][gc,init] Heap Region Size: 1M
[2025-08-10T07:29:20.951+0000][116][info][gc,init] Heap Min Capacity: 1G
[2025-08-10T07:29:20.951+0000][116][info][gc,init] Heap Initial Capacity: 1G
[2025-08-10T07:29:20.951+0000][116][info][gc,init] Heap Max Capacity: 1G
[2025-08-10T07:29:20.951+0000][116][info][gc,init] Pre-touch: Disabled
[2025-08-10T07:29:20.951+0000][116][info][gc,init] Parallel Workers: 8
[2025-08-10T07:29:20.951+0000][116][info][gc,init] Concurrent Workers: 2
[2025-08-10T07:29:20.951+0000][116][info][gc,init] Concurrent Refinement Workers: 8
[2025-08-10T07:29:20.951+0000][116][info][gc,init] Periodic GC: Disabled
[2025-08-10T07:29:20.952+0000][116][info][gc,metaspace] CDS archive(s) mapped at: [0x000072b17a000000-0x000072b17ad17000-0x000072b17ad17000), size 13725696, SharedBaseAddress: 0x000072b17a000000, ArchiveRelocationMode: 1.
[2025-08-10T07:29:20.952+0000][116][info][gc,metaspace] Compressed class space mapped at: 0x000072b17b000000-0x000072b1bb000000, reserved size: 1073741824
[2025-08-10T07:29:20.952+0000][116][info][gc,metaspace] UseCompressedClassPointers 1, UseCompactObjectHeaders 0
[2025-08-10T07:29:20.952+0000][116][info][gc,metaspace] Narrow klass pointer bits 32, Max shift 3
[2025-08-10T07:29:20.952+0000][116][info][gc,metaspace] Narrow klass base: 0x000072b17a000000, Narrow klass shift: 0
[2025-08-10T07:29:20.952+0000][116][info][gc,metaspace] Encoding Range: [0x000072b17a000000 - 0x000072b27a000000), (4294967296 bytes)
[2025-08-10T07:29:20.952+0000][116][info][gc,metaspace] Klass Range:    [0x000072b17a000000 - 0x000072b1bb000000), (1090519040 bytes)
[2025-08-10T07:29:20.952+0000][116][info][gc,metaspace] Klass ID Range:  [8 - 1090519033) (1090519025)
[2025-08-10T07:29:20.988+0000][116][info][gc,heap,exit] Heap
[2025-08-10T07:29:20.988+0000][116][info][gc,heap,exit]  garbage-first heap   total reserved 1048576K, committed 1048576K, used 4197K [0x00000000c0000000, 0x0000000100000000)
[2025-08-10T07:29:20.988+0000][116][info][gc,heap,exit]   region size 1024K, 3 young (3072K), 0 survivors (0K)
[2025-08-10T07:29:20.988+0000][116][info][gc,heap,exit]  Metaspace       used 223K, committed 448K, reserved 1114112K
[2025-08-10T07:29:20.988+0000][116][info][gc,heap,exit]   class space    used 8K, committed 128K, reserved 1048576K
